/home/wynter/wynter/ros2_yolov8/ros2_v8/install/ros_yolo/lib/python3.10/site-packages/ros_yolo/save.py
/home/wynter/wynter/ros2_yolov8/ros2_v8/install/ros_yolo/lib/python3.10/site-packages/ros_yolo/camera_capture_function.py
/home/wynter/wynter/ros2_yolov8/ros2_v8/install/ros_yolo/lib/python3.10/site-packages/ros_yolo/text_pub.py
/home/wynter/wynter/ros2_yolov8/ros2_v8/install/ros_yolo/lib/python3.10/site-packages/ros_yolo/pub_id.py
/home/wynter/wynter/ros2_yolov8/ros2_v8/install/ros_yolo/lib/python3.10/site-packages/ros_yolo/detect_text.py
/home/wynter/wynter/ros2_yolov8/ros2_v8/install/ros_yolo/lib/python3.10/site-packages/ros_yolo/servo_controller.py
/home/wynter/wynter/ros2_yolov8/ros2_v8/install/ros_yolo/lib/python3.10/site-packages/ros_yolo/target_detect_function.py
/home/wynter/wynter/ros2_yolov8/ros2_v8/install/ros_yolo/lib/python3.10/site-packages/ros_yolo/__init__.py
/home/wynter/wynter/ros2_yolov8/ros2_v8/install/ros_yolo/lib/python3.10/site-packages/ros_yolo/detect.py
/home/wynter/wynter/ros2_yolov8/ros2_v8/install/ros_yolo/lib/python3.10/site-packages/ros_yolo/text_pub_msg.py
/home/wynter/wynter/ros2_yolov8/ros2_v8/install/ros_yolo/lib/python3.10/site-packages/ros_yolo/test_servo_node.py
/home/wynter/wynter/ros2_yolov8/ros2_v8/install/ros_yolo/lib/python3.10/site-packages/ros_yolo/test.py
/home/wynter/wynter/ros2_yolov8/ros2_v8/install/ros_yolo/lib/python3.10/site-packages/ros_yolo/record.py
/home/wynter/wynter/ros2_yolov8/ros2_v8/install/ros_yolo/lib/python3.10/site-packages/ros_yolo/number.py
/home/wynter/wynter/ros2_yolov8/ros2_v8/install/ros_yolo/lib/python3.10/site-packages/ros_yolo/__pycache__/save.cpython-310.pyc
/home/wynter/wynter/ros2_yolov8/ros2_v8/install/ros_yolo/lib/python3.10/site-packages/ros_yolo/__pycache__/camera_capture_function.cpython-310.pyc
/home/wynter/wynter/ros2_yolov8/ros2_v8/install/ros_yolo/lib/python3.10/site-packages/ros_yolo/__pycache__/text_pub.cpython-310.pyc
/home/wynter/wynter/ros2_yolov8/ros2_v8/install/ros_yolo/lib/python3.10/site-packages/ros_yolo/__pycache__/pub_id.cpython-310.pyc
/home/wynter/wynter/ros2_yolov8/ros2_v8/install/ros_yolo/lib/python3.10/site-packages/ros_yolo/__pycache__/detect_text.cpython-310.pyc
/home/wynter/wynter/ros2_yolov8/ros2_v8/install/ros_yolo/lib/python3.10/site-packages/ros_yolo/__pycache__/servo_controller.cpython-310.pyc
/home/wynter/wynter/ros2_yolov8/ros2_v8/install/ros_yolo/lib/python3.10/site-packages/ros_yolo/__pycache__/target_detect_function.cpython-310.pyc
/home/wynter/wynter/ros2_yolov8/ros2_v8/install/ros_yolo/lib/python3.10/site-packages/ros_yolo/__pycache__/__init__.cpython-310.pyc
/home/wynter/wynter/ros2_yolov8/ros2_v8/install/ros_yolo/lib/python3.10/site-packages/ros_yolo/__pycache__/detect.cpython-310.pyc
/home/wynter/wynter/ros2_yolov8/ros2_v8/install/ros_yolo/lib/python3.10/site-packages/ros_yolo/__pycache__/text_pub_msg.cpython-310.pyc
/home/wynter/wynter/ros2_yolov8/ros2_v8/install/ros_yolo/lib/python3.10/site-packages/ros_yolo/__pycache__/test_servo_node.cpython-310.pyc
/home/wynter/wynter/ros2_yolov8/ros2_v8/install/ros_yolo/lib/python3.10/site-packages/ros_yolo/__pycache__/test.cpython-310.pyc
/home/wynter/wynter/ros2_yolov8/ros2_v8/install/ros_yolo/lib/python3.10/site-packages/ros_yolo/__pycache__/record.cpython-310.pyc
/home/wynter/wynter/ros2_yolov8/ros2_v8/install/ros_yolo/lib/python3.10/site-packages/ros_yolo/__pycache__/number.cpython-310.pyc
/home/wynter/wynter/ros2_yolov8/ros2_v8/install/ros_yolo/share/ament_index/resource_index/packages/ros_yolo
/home/wynter/wynter/ros2_yolov8/ros2_v8/install/ros_yolo/share/ros_yolo/package.xml
/home/wynter/wynter/ros2_yolov8/ros2_v8/install/ros_yolo/lib/python3.10/site-packages/ros_yolo-0.0.0-py3.10.egg-info/PKG-INFO
/home/wynter/wynter/ros2_yolov8/ros2_v8/install/ros_yolo/lib/python3.10/site-packages/ros_yolo-0.0.0-py3.10.egg-info/dependency_links.txt
/home/wynter/wynter/ros2_yolov8/ros2_v8/install/ros_yolo/lib/python3.10/site-packages/ros_yolo-0.0.0-py3.10.egg-info/top_level.txt
/home/wynter/wynter/ros2_yolov8/ros2_v8/install/ros_yolo/lib/python3.10/site-packages/ros_yolo-0.0.0-py3.10.egg-info/entry_points.txt
/home/wynter/wynter/ros2_yolov8/ros2_v8/install/ros_yolo/lib/python3.10/site-packages/ros_yolo-0.0.0-py3.10.egg-info/requires.txt
/home/wynter/wynter/ros2_yolov8/ros2_v8/install/ros_yolo/lib/python3.10/site-packages/ros_yolo-0.0.0-py3.10.egg-info/SOURCES.txt
/home/wynter/wynter/ros2_yolov8/ros2_v8/install/ros_yolo/lib/python3.10/site-packages/ros_yolo-0.0.0-py3.10.egg-info/zip-safe
/home/wynter/wynter/ros2_yolov8/ros2_v8/install/ros_yolo/lib/ros_yolo/capturer
/home/wynter/wynter/ros2_yolov8/ros2_v8/install/ros_yolo/lib/ros_yolo/detector
/home/wynter/wynter/ros2_yolov8/ros2_v8/install/ros_yolo/lib/ros_yolo/detector1
/home/wynter/wynter/ros2_yolov8/ros2_v8/install/ros_yolo/lib/ros_yolo/detector_text
/home/wynter/wynter/ros2_yolov8/ros2_v8/install/ros_yolo/lib/ros_yolo/nub
/home/wynter/wynter/ros2_yolov8/ros2_v8/install/ros_yolo/lib/ros_yolo/pub
/home/wynter/wynter/ros2_yolov8/ros2_v8/install/ros_yolo/lib/ros_yolo/record
/home/wynter/wynter/ros2_yolov8/ros2_v8/install/ros_yolo/lib/ros_yolo/save
/home/wynter/wynter/ros2_yolov8/ros2_v8/install/ros_yolo/lib/ros_yolo/std
/home/wynter/wynter/ros2_yolov8/ros2_v8/install/ros_yolo/lib/ros_yolo/test_servo_node
/home/wynter/wynter/ros2_yolov8/ros2_v8/install/ros_yolo/lib/ros_yolo/text_pub
