[0.268s] Invoking command in '/home/wynter/wynter/ros2_yolov8/ros2_v8/src/ros-yolov8': PYTHONPATH=/home/wynter/wynter/ros2_yolov8/ros2_v8/build/ros_yolo/prefix_override:/usr/lib/python3/dist-packages/colcon_core/task/python/colcon_distutils_commands:/home/wynter/wynter/ros2_yolov8/ros2_v8/install/ros_yolo/lib/python3.10/site-packages:${PYTHONPATH} /usr/bin/python3 -W ignore:setup.py install is deprecated -W ignore:easy_install command is deprecated setup.py egg_info --egg-base ../../build/ros_yolo build --build-base /home/wynter/wynter/ros2_yolov8/ros2_v8/build/ros_yolo/build install --record /home/wynter/wynter/ros2_yolov8/ros2_v8/build/ros_yolo/install.log --single-version-externally-managed install_data
[0.367s] running egg_info
[0.367s] writing ../../build/ros_yolo/ros_yolo.egg-info/PKG-INFO
[0.367s] writing dependency_links to ../../build/ros_yolo/ros_yolo.egg-info/dependency_links.txt
[0.367s] writing entry points to ../../build/ros_yolo/ros_yolo.egg-info/entry_points.txt
[0.367s] writing requirements to ../../build/ros_yolo/ros_yolo.egg-info/requires.txt
[0.367s] writing top-level names to ../../build/ros_yolo/ros_yolo.egg-info/top_level.txt
[0.368s] reading manifest file '../../build/ros_yolo/ros_yolo.egg-info/SOURCES.txt'
[0.368s] adding license file 'LICENSE'
[0.369s] writing manifest file '../../build/ros_yolo/ros_yolo.egg-info/SOURCES.txt'
[0.369s] running build
[0.369s] running build_py
[0.369s] copying ros_yolo/detect.py -> /home/wynter/wynter/ros2_yolov8/ros2_v8/build/ros_yolo/build/lib/ros_yolo
[0.369s] running install
[0.369s] running install_lib
[0.369s] copying /home/wynter/wynter/ros2_yolov8/ros2_v8/build/ros_yolo/build/lib/ros_yolo/detect.py -> /home/wynter/wynter/ros2_yolov8/ros2_v8/install/ros_yolo/lib/python3.10/site-packages/ros_yolo
[0.370s] byte-compiling /home/wynter/wynter/ros2_yolov8/ros2_v8/install/ros_yolo/lib/python3.10/site-packages/ros_yolo/detect.py to detect.cpython-310.pyc
[0.372s] running install_data
[0.372s] running install_egg_info
[0.374s] removing '/home/wynter/wynter/ros2_yolov8/ros2_v8/install/ros_yolo/lib/python3.10/site-packages/ros_yolo-0.0.0-py3.10.egg-info' (and everything under it)
[0.374s] Copying ../../build/ros_yolo/ros_yolo.egg-info to /home/wynter/wynter/ros2_yolov8/ros2_v8/install/ros_yolo/lib/python3.10/site-packages/ros_yolo-0.0.0-py3.10.egg-info
[0.374s] running install_scripts
[0.384s] Installing capturer script to /home/wynter/wynter/ros2_yolov8/ros2_v8/install/ros_yolo/lib/ros_yolo
[0.384s] Installing detector script to /home/wynter/wynter/ros2_yolov8/ros2_v8/install/ros_yolo/lib/ros_yolo
[0.384s] Installing detector1 script to /home/wynter/wynter/ros2_yolov8/ros2_v8/install/ros_yolo/lib/ros_yolo
[0.384s] Installing detector_text script to /home/wynter/wynter/ros2_yolov8/ros2_v8/install/ros_yolo/lib/ros_yolo
[0.384s] Installing nub script to /home/wynter/wynter/ros2_yolov8/ros2_v8/install/ros_yolo/lib/ros_yolo
[0.384s] Installing pub script to /home/wynter/wynter/ros2_yolov8/ros2_v8/install/ros_yolo/lib/ros_yolo
[0.384s] Installing record script to /home/wynter/wynter/ros2_yolov8/ros2_v8/install/ros_yolo/lib/ros_yolo
[0.384s] Installing save script to /home/wynter/wynter/ros2_yolov8/ros2_v8/install/ros_yolo/lib/ros_yolo
[0.384s] Installing std script to /home/wynter/wynter/ros2_yolov8/ros2_v8/install/ros_yolo/lib/ros_yolo
[0.384s] Installing test_servo_node script to /home/wynter/wynter/ros2_yolov8/ros2_v8/install/ros_yolo/lib/ros_yolo
[0.384s] Installing text_pub script to /home/wynter/wynter/ros2_yolov8/ros2_v8/install/ros_yolo/lib/ros_yolo
[0.384s] writing list of installed files to '/home/wynter/wynter/ros2_yolov8/ros2_v8/build/ros_yolo/install.log'
[0.395s] Invoked command in '/home/wynter/wynter/ros2_yolov8/ros2_v8/src/ros-yolov8' returned '0': PYTHONPATH=/home/wynter/wynter/ros2_yolov8/ros2_v8/build/ros_yolo/prefix_override:/usr/lib/python3/dist-packages/colcon_core/task/python/colcon_distutils_commands:/home/wynter/wynter/ros2_yolov8/ros2_v8/install/ros_yolo/lib/python3.10/site-packages:${PYTHONPATH} /usr/bin/python3 -W ignore:setup.py install is deprecated -W ignore:easy_install command is deprecated setup.py egg_info --egg-base ../../build/ros_yolo build --build-base /home/wynter/wynter/ros2_yolov8/ros2_v8/build/ros_yolo/build install --record /home/wynter/wynter/ros2_yolov8/ros2_v8/build/ros_yolo/install.log --single-version-externally-managed install_data
