[0.065s] colcon DEBUG Command line arguments: ['/usr/bin/colcon', 'list', '-p', '--base-paths', '/home/ak47k98/PycharmProjects/ros2_yolov8/ros2_v8']
[0.065s] colcon DEBUG Parsed command line arguments: Namespace(log_base=None, log_level=None, verb_name='list', build_base='build', ignore_user_meta=False, metas=['./colcon.meta'], base_paths=['/home/ak47k98/PycharmProjects/ros2_yolov8/ros2_v8'], packages_ignore=None, packages_ignore_regex=None, paths=None, packages_up_to=None, packages_up_to_regex=None, packages_above=None, packages_above_and_dependencies=None, packages_above_depth=None, packages_select_by_dep=None, packages_skip_by_dep=None, packages_skip_up_to=None, packages_select_build_failed=False, packages_skip_build_finished=False, packages_select_test_failures=False, packages_skip_test_passed=False, packages_select=None, packages_skip=None, packages_select_regex=None, packages_skip_regex=None, packages_start=None, packages_end=None, allow_overriding=[], topological_order=False, names_only=False, paths_only=True, topological_graph=False, topological_graph_dot=False, topological_graph_density=False, topological_graph_legend=False, topological_graph_dot_cluster=False, topological_graph_dot_include_skipped=False, verb_parser=<colcon_defaults.argument_parser.defaults.DefaultArgumentsDecorator object at 0x7b7392211720>, verb_extension=<colcon_package_information.verb.list.ListVerb object at 0x7b73922107f0>, main=<bound method ListVerb.main of <colcon_package_information.verb.list.ListVerb object at 0x7b73922107f0>>)
[0.165s] colcon.colcon_core.package_discovery Level 1 discover_packages(colcon_meta) check parameters
[0.165s] colcon.colcon_core.package_discovery Level 1 discover_packages(recursive) check parameters
[0.165s] colcon.colcon_core.package_discovery Level 1 discover_packages(ignore) check parameters
[0.165s] colcon.colcon_core.package_discovery Level 1 discover_packages(path) check parameters
[0.165s] colcon.colcon_core.package_discovery Level 1 discover_packages(recursive) discover
[0.165s] colcon.colcon_core.package_discovery INFO Crawling recursively for packages in '/home/ak47k98/PycharmProjects/ros2_yolov8/ros2_v8'
[0.165s] colcon.colcon_core.package_identification Level 1 _identify(/home/ak47k98/PycharmProjects/ros2_yolov8/ros2_v8) by extensions ['ignore', 'ignore_ament_install']
[0.165s] colcon.colcon_core.package_identification Level 1 _identify(/home/ak47k98/PycharmProjects/ros2_yolov8/ros2_v8) by extension 'ignore'
[0.165s] colcon.colcon_core.package_identification Level 1 _identify(/home/ak47k98/PycharmProjects/ros2_yolov8/ros2_v8) by extension 'ignore_ament_install'
[0.165s] colcon.colcon_core.package_identification Level 1 _identify(/home/ak47k98/PycharmProjects/ros2_yolov8/ros2_v8) by extensions ['colcon_pkg']
[0.165s] colcon.colcon_core.package_identification Level 1 _identify(/home/ak47k98/PycharmProjects/ros2_yolov8/ros2_v8) by extension 'colcon_pkg'
[0.165s] colcon.colcon_core.package_identification Level 1 _identify(/home/ak47k98/PycharmProjects/ros2_yolov8/ros2_v8) by extensions ['colcon_meta']
[0.165s] colcon.colcon_core.package_identification Level 1 _identify(/home/ak47k98/PycharmProjects/ros2_yolov8/ros2_v8) by extension 'colcon_meta'
[0.165s] colcon.colcon_core.package_identification Level 1 _identify(/home/ak47k98/PycharmProjects/ros2_yolov8/ros2_v8) by extensions ['ros']
[0.166s] colcon.colcon_core.package_identification Level 1 _identify(/home/ak47k98/PycharmProjects/ros2_yolov8/ros2_v8) by extension 'ros'
[0.172s] colcon.colcon_core.package_identification Level 1 _identify(/home/ak47k98/PycharmProjects/ros2_yolov8/ros2_v8) by extensions ['cmake', 'python']
[0.172s] colcon.colcon_core.package_identification Level 1 _identify(/home/ak47k98/PycharmProjects/ros2_yolov8/ros2_v8) by extension 'cmake'
[0.172s] colcon.colcon_core.package_identification Level 1 _identify(/home/ak47k98/PycharmProjects/ros2_yolov8/ros2_v8) by extension 'python'
[0.172s] colcon.colcon_core.package_identification Level 1 _identify(/home/ak47k98/PycharmProjects/ros2_yolov8/ros2_v8) by extensions ['python_setup_py']
[0.172s] colcon.colcon_core.package_identification Level 1 _identify(/home/ak47k98/PycharmProjects/ros2_yolov8/ros2_v8) by extension 'python_setup_py'
[0.172s] colcon.colcon_core.package_identification Level 1 _identify(/home/ak47k98/PycharmProjects/ros2_yolov8/ros2_v8/log) by extensions ['ignore', 'ignore_ament_install']
[0.172s] colcon.colcon_core.package_identification Level 1 _identify(/home/ak47k98/PycharmProjects/ros2_yolov8/ros2_v8/log) by extension 'ignore'
[0.172s] colcon.colcon_core.package_identification Level 1 _identify(/home/ak47k98/PycharmProjects/ros2_yolov8/ros2_v8/log) ignored
[0.172s] colcon.colcon_core.package_identification Level 1 _identify(/home/ak47k98/PycharmProjects/ros2_yolov8/ros2_v8/src) by extensions ['ignore', 'ignore_ament_install']
[0.172s] colcon.colcon_core.package_identification Level 1 _identify(/home/ak47k98/PycharmProjects/ros2_yolov8/ros2_v8/src) by extension 'ignore'
[0.172s] colcon.colcon_core.package_identification Level 1 _identify(/home/ak47k98/PycharmProjects/ros2_yolov8/ros2_v8/src) by extension 'ignore_ament_install'
[0.172s] colcon.colcon_core.package_identification Level 1 _identify(/home/ak47k98/PycharmProjects/ros2_yolov8/ros2_v8/src) by extensions ['colcon_pkg']
[0.172s] colcon.colcon_core.package_identification Level 1 _identify(/home/ak47k98/PycharmProjects/ros2_yolov8/ros2_v8/src) by extension 'colcon_pkg'
[0.172s] colcon.colcon_core.package_identification Level 1 _identify(/home/ak47k98/PycharmProjects/ros2_yolov8/ros2_v8/src) by extensions ['colcon_meta']
[0.172s] colcon.colcon_core.package_identification Level 1 _identify(/home/ak47k98/PycharmProjects/ros2_yolov8/ros2_v8/src) by extension 'colcon_meta'
[0.173s] colcon.colcon_core.package_identification Level 1 _identify(/home/ak47k98/PycharmProjects/ros2_yolov8/ros2_v8/src) by extensions ['ros']
[0.173s] colcon.colcon_core.package_identification Level 1 _identify(/home/ak47k98/PycharmProjects/ros2_yolov8/ros2_v8/src) by extension 'ros'
[0.173s] colcon.colcon_core.package_identification Level 1 _identify(/home/ak47k98/PycharmProjects/ros2_yolov8/ros2_v8/src) by extensions ['cmake', 'python']
[0.173s] colcon.colcon_core.package_identification Level 1 _identify(/home/ak47k98/PycharmProjects/ros2_yolov8/ros2_v8/src) by extension 'cmake'
[0.173s] colcon.colcon_core.package_identification Level 1 _identify(/home/ak47k98/PycharmProjects/ros2_yolov8/ros2_v8/src) by extension 'python'
[0.173s] colcon.colcon_core.package_identification Level 1 _identify(/home/ak47k98/PycharmProjects/ros2_yolov8/ros2_v8/src) by extensions ['python_setup_py']
[0.173s] colcon.colcon_core.package_identification Level 1 _identify(/home/ak47k98/PycharmProjects/ros2_yolov8/ros2_v8/src) by extension 'python_setup_py'
[0.173s] colcon.colcon_core.package_identification Level 1 _identify(/home/ak47k98/PycharmProjects/ros2_yolov8/ros2_v8/src/ros-yolov8) by extensions ['ignore', 'ignore_ament_install']
[0.173s] colcon.colcon_core.package_identification Level 1 _identify(/home/ak47k98/PycharmProjects/ros2_yolov8/ros2_v8/src/ros-yolov8) by extension 'ignore'
[0.173s] colcon.colcon_core.package_identification Level 1 _identify(/home/ak47k98/PycharmProjects/ros2_yolov8/ros2_v8/src/ros-yolov8) by extension 'ignore_ament_install'
[0.173s] colcon.colcon_core.package_identification Level 1 _identify(/home/ak47k98/PycharmProjects/ros2_yolov8/ros2_v8/src/ros-yolov8) by extensions ['colcon_pkg']
[0.173s] colcon.colcon_core.package_identification Level 1 _identify(/home/ak47k98/PycharmProjects/ros2_yolov8/ros2_v8/src/ros-yolov8) by extension 'colcon_pkg'
[0.173s] colcon.colcon_core.package_identification Level 1 _identify(/home/ak47k98/PycharmProjects/ros2_yolov8/ros2_v8/src/ros-yolov8) by extensions ['colcon_meta']
[0.173s] colcon.colcon_core.package_identification Level 1 _identify(/home/ak47k98/PycharmProjects/ros2_yolov8/ros2_v8/src/ros-yolov8) by extension 'colcon_meta'
[0.173s] colcon.colcon_core.package_identification Level 1 _identify(/home/ak47k98/PycharmProjects/ros2_yolov8/ros2_v8/src/ros-yolov8) by extensions ['ros']
[0.173s] colcon.colcon_core.package_identification Level 1 _identify(/home/ak47k98/PycharmProjects/ros2_yolov8/ros2_v8/src/ros-yolov8) by extension 'ros'
[0.174s] colcon.colcon_core.package_identification DEBUG Package '/home/ak47k98/PycharmProjects/ros2_yolov8/ros2_v8/src/ros-yolov8' with type 'ros.ament_python' and name 'ros_yolo'
[0.174s] colcon.colcon_core.package_identification Level 1 _identify(/home/ak47k98/PycharmProjects/ros2_yolov8/ros2_v8/src/ros2_yolo_msgs) by extensions ['ignore', 'ignore_ament_install']
[0.174s] colcon.colcon_core.package_identification Level 1 _identify(/home/ak47k98/PycharmProjects/ros2_yolov8/ros2_v8/src/ros2_yolo_msgs) by extension 'ignore'
[0.174s] colcon.colcon_core.package_identification Level 1 _identify(/home/ak47k98/PycharmProjects/ros2_yolov8/ros2_v8/src/ros2_yolo_msgs) by extension 'ignore_ament_install'
[0.175s] colcon.colcon_core.package_identification Level 1 _identify(/home/ak47k98/PycharmProjects/ros2_yolov8/ros2_v8/src/ros2_yolo_msgs) by extensions ['colcon_pkg']
[0.175s] colcon.colcon_core.package_identification Level 1 _identify(/home/ak47k98/PycharmProjects/ros2_yolov8/ros2_v8/src/ros2_yolo_msgs) by extension 'colcon_pkg'
[0.175s] colcon.colcon_core.package_identification Level 1 _identify(/home/ak47k98/PycharmProjects/ros2_yolov8/ros2_v8/src/ros2_yolo_msgs) by extensions ['colcon_meta']
[0.175s] colcon.colcon_core.package_identification Level 1 _identify(/home/ak47k98/PycharmProjects/ros2_yolov8/ros2_v8/src/ros2_yolo_msgs) by extension 'colcon_meta'
[0.175s] colcon.colcon_core.package_identification Level 1 _identify(/home/ak47k98/PycharmProjects/ros2_yolov8/ros2_v8/src/ros2_yolo_msgs) by extensions ['ros']
[0.175s] colcon.colcon_core.package_identification Level 1 _identify(/home/ak47k98/PycharmProjects/ros2_yolov8/ros2_v8/src/ros2_yolo_msgs) by extension 'ros'
[0.175s] colcon.colcon_core.package_identification DEBUG Package '/home/ak47k98/PycharmProjects/ros2_yolov8/ros2_v8/src/ros2_yolo_msgs' with type 'ros.catkin' and name 'ros2_yolo_msgs'
[0.175s] colcon.colcon_core.package_discovery Level 1 discover_packages(recursive) using defaults
